// Jest Snapshot v1, https://goo.gl/fbAQLP
exports[`test snapshot resolution snap file should match 1`] = `[ 1, "2" ]`;

exports[`test snapshot resolution object should match 1`] = `{
  a: {
    b: 1,
    c: 2
  },
  d: "3",
  e: [ 4 ]
}`;

exports[`test snapshot resolution a 1`] = `should match`;

exports[`test snapshot resolution a 2`] = `should match this too`;
